src/commands/callerProfile.ts(41,28): error TS7006: Parameter 'c' implicitly has an 'any' type.
src/commands/leaderboard.ts(35,29): error TS7006: Parameter 'c' implicitly has an 'any' type.
src/commands/leaderboard.ts(35,32): error TS7006: Parameter 'i' implicitly has an 'any' type.
src/commands/leaderboard.ts(47,30): error TS7006: Parameter 'p' implicitly has an 'any' type.
src/commands/leaderboard.ts(47,33): error TS7006: Parameter 'i' implicitly has an 'any' type.
src/commands/projectStats.ts(45,29): error TS7006: Parameter 'c' implicitly has an 'any' type.
src/lib/linkDetection.ts(23,48): error TS2345: Argument of type 'string | undefined' is not assignable to parameter of type 'string'.
  Type 'undefined' is not assignable to type 'string'.
src/lib/linkDetection.ts(35,24): error TS18048: 'handle' is possibly 'undefined'.
src/lib/linkDetection.ts(45,17): error TS18048: 'handle' is possibly 'undefined'.
src/lib/registerCommands.ts(10,18): error TS2552: Cannot find name 'commandList'. Did you mean 'commands'?
src/lib/registerCommands.ts(10,34): error TS7006: Parameter 'cmd' implicitly has an 'any' type.
src/lib/registerCommands.ts(14,21): error TS2552: Cannot find name 'commandList'. Did you mean 'commands'?
../../packages/core/src/index.ts(77,31): error TS2532: Object is possibly 'undefined'.
../../packages/jobs/src/index.ts(13,60): error TS2322: Type 'Redis' is not assignable to type 'ConnectionOptions'.
  Type 'Redis' is not assignable to type 'ClusterOptions | Redis | Cluster'.
    Type 'import("C:/Users/RAV3N/Downloads/VIBE CODE/FAFO/node_modules/ioredis/built/Redis").default' is not assignable to type 'import("C:/Users/RAV3N/Downloads/VIBE CODE/FAFO/node_modules/bullmq/node_modules/ioredis/built/Redis").default'.
      Types of property 'options' are incompatible.
        Type 'import("C:/Users/RAV3N/Downloads/VIBE CODE/FAFO/node_modules/ioredis/built/redis/RedisOptions").RedisOptions' is not assignable to type 'import("C:/Users/RAV3N/Downloads/VIBE CODE/FAFO/node_modules/bullmq/node_modules/ioredis/built/redis/RedisOptions").RedisOptions'.
          Type 'RedisOptions' is not assignable to type 'CommonRedisOptions'.
            Types of property 'Connector' are incompatible.
              Type 'import("C:/Users/RAV3N/Downloads/VIBE CODE/FAFO/node_modules/ioredis/built/connectors/ConnectorConstructor").default | undefined' is not assignable to type 'import("C:/Users/RAV3N/Downloads/VIBE CODE/FAFO/node_modules/bullmq/node_modules/ioredis/built/connectors/ConnectorConstructor").default | undefined'.
                Type 'import("C:/Users/RAV3N/Downloads/VIBE CODE/FAFO/node_modules/ioredis/built/connectors/ConnectorConstructor").default' is not assignable to type 'import("C:/Users/RAV3N/Downloads/VIBE CODE/FAFO/node_modules/bullmq/node_modules/ioredis/built/connectors/ConnectorConstructor").default'.
                  Type 'import("C:/Users/RAV3N/Downloads/VIBE CODE/FAFO/node_modules/ioredis/built/connectors/AbstractConnector").default' is not assignable to type 'import("C:/Users/RAV3N/Downloads/VIBE CODE/FAFO/node_modules/bullmq/node_modules/ioredis/built/connectors/AbstractConnector").default'.
                    Property 'connecting' is protected but type 'AbstractConnector' is not a class derived from 'AbstractConnector'.
../../packages/jobs/src/index.ts(66,6): error TS2322: Type 'Redis' is not assignable to type 'ConnectionOptions'.
  Type 'Redis' is not assignable to type 'ClusterOptions | Redis | Cluster'.
    Type 'import("C:/Users/RAV3N/Downloads/VIBE CODE/FAFO/node_modules/ioredis/built/Redis").default' is not assignable to type 'import("C:/Users/RAV3N/Downloads/VIBE CODE/FAFO/node_modules/bullmq/node_modules/ioredis/built/Redis").default'.
      Types of property 'options' are incompatible.
        Type 'import("C:/Users/RAV3N/Downloads/VIBE CODE/FAFO/node_modules/ioredis/built/redis/RedisOptions").RedisOptions' is not assignable to type 'import("C:/Users/RAV3N/Downloads/VIBE CODE/FAFO/node_modules/bullmq/node_modules/ioredis/built/redis/RedisOptions").RedisOptions'.
          Type 'RedisOptions' is not assignable to type 'CommonRedisOptions'.
            Types of property 'Connector' are incompatible.
              Type 'import("C:/Users/RAV3N/Downloads/VIBE CODE/FAFO/node_modules/ioredis/built/connectors/ConnectorConstructor").default | undefined' is not assignable to type 'import("C:/Users/RAV3N/Downloads/VIBE CODE/FAFO/node_modules/bullmq/node_modules/ioredis/built/connectors/ConnectorConstructor").default | undefined'.
                Type 'import("C:/Users/RAV3N/Downloads/VIBE CODE/FAFO/node_modules/ioredis/built/connectors/ConnectorConstructor").default' is not assignable to type 'import("C:/Users/RAV3N/Downloads/VIBE CODE/FAFO/node_modules/bullmq/node_modules/ioredis/built/connectors/ConnectorConstructor").default'.
                  Type 'import("C:/Users/RAV3N/Downloads/VIBE CODE/FAFO/node_modules/ioredis/built/connectors/AbstractConnector").default' is not assignable to type 'import("C:/Users/RAV3N/Downloads/VIBE CODE/FAFO/node_modules/bullmq/node_modules/ioredis/built/connectors/AbstractConnector").default'.
                    Property 'connecting' is protected but type 'AbstractConnector' is not a class derived from 'AbstractConnector'.
